2025-05-02 18:41:14,346 INFO: Stats: {'total_registrations': 1, 'confirmed_registrations': 0, 'total_persons': 3, 'adult_count': 1, 'child_count': 2, 'total_seats': 0} [in C:\Users\pwwpp\Websites\anmeldung-jugendfussball-ausflug\app.py:576]
2025-05-02 18:42:33,015 INFO: Received registration data [in C:\Users\pwwpp\Websites\anmeldung-jugendfussball-ausflug\app.py:371]
2025-05-02 18:42:33,016 INFO: Registration data stored in session for passiw25@gmail.com [in C:\Users\pwwpp\Websites\anmeldung-jugendfussball-ausflug\app.py:395]
2025-05-02 18:43:03,676 INFO: Stats: {'total_registrations': 2, 'confirmed_registrations': 0, 'total_persons': 6, 'adult_count': 3, 'child_count': 2, 'total_seats': 5} [in C:\Users\pwwpp\Websites\anmeldung-jugendfussball-ausflug\app.py:576]
2025-05-02 18:47:21,224 INFO: Application startup [in C:\Users\pwwpp\Websites\anmeldung-jugendfussball-ausflug\app.py:94]
2025-05-02 18:47:24,761 INFO: Stats: {'total_registrations': 2, 'confirmed_registrations': 0, 'total_persons': 6, 'adult_count': 3, 'child_count': 2, 'total_seats': 5} [in C:\Users\pwwpp\Websites\anmeldung-jugendfussball-ausflug\app.py:576]
2025-05-02 18:47:27,762 INFO: Excel export generated successfully [in C:\Users\pwwpp\Websites\anmeldung-jugendfussball-ausflug\app.py:784]
2025-05-02 18:51:02,755 INFO: Application startup [in C:\Users\pwwpp\Websites\anmeldung-jugendfussball-ausflug\app.py:94]
2025-05-02 18:51:06,366 INFO: Stats: {'total_registrations': 2, 'confirmed_registrations': 0, 'total_persons': 6, 'adult_count': 3, 'child_count': 2, 'total_seats': 5} [in C:\Users\pwwpp\Websites\anmeldung-jugendfussball-ausflug\app.py:576]
2025-05-02 18:51:08,892 INFO: Stats: {'total_registrations': 2, 'confirmed_registrations': 0, 'total_persons': 6, 'adult_count': 3, 'child_count': 2, 'total_seats': 5} [in C:\Users\pwwpp\Websites\anmeldung-jugendfussball-ausflug\app.py:576]
2025-05-02 18:51:11,070 ERROR: Error generating Excel export: Invalid character / found in sheet title [in C:\Users\pwwpp\Websites\anmeldung-jugendfussball-ausflug\app.py:817]
2025-05-02 18:51:11,077 INFO: Stats: {'total_registrations': 2, 'confirmed_registrations': 0, 'total_persons': 6, 'adult_count': 3, 'child_count': 2, 'total_seats': 5} [in C:\Users\pwwpp\Websites\anmeldung-jugendfussball-ausflug\app.py:576]
2025-05-02 18:57:42,385 INFO: Application startup [in C:\Users\pwwpp\Websites\anmeldung-jugendfussball-ausflug\app.py:94]
2025-05-02 18:57:45,688 INFO: Stats: {'total_registrations': 2, 'confirmed_registrations': 0, 'total_persons': 6, 'adult_count': 3, 'child_count': 2, 'total_seats': 5} [in C:\Users\pwwpp\Websites\anmeldung-jugendfussball-ausflug\app.py:576]
2025-05-02 18:57:47,448 ERROR: Error generating Excel export: Invalid character / found in sheet title [in C:\Users\pwwpp\Websites\anmeldung-jugendfussball-ausflug\app.py:817]
2025-05-02 18:57:47,456 INFO: Stats: {'total_registrations': 2, 'confirmed_registrations': 0, 'total_persons': 6, 'adult_count': 3, 'child_count': 2, 'total_seats': 5} [in C:\Users\pwwpp\Websites\anmeldung-jugendfussball-ausflug\app.py:576]
2025-05-02 18:59:06,150 INFO: Application startup [in C:\Users\pwwpp\Websites\anmeldung-jugendfussball-ausflug\app.py:94]
2025-05-02 18:59:12,572 INFO: Stats: {'total_registrations': 2, 'confirmed_registrations': 0, 'total_persons': 6, 'adult_count': 3, 'child_count': 2, 'total_seats': 5} [in C:\Users\pwwpp\Websites\anmeldung-jugendfussball-ausflug\app.py:576]
2025-05-02 18:59:17,538 INFO: Excel export generated successfully [in C:\Users\pwwpp\Websites\anmeldung-jugendfussball-ausflug\app.py:813]
2025-05-02 19:13:57,824 INFO: Application startup [in C:\Users\pwwpp\Websites\anmeldung-jugendfussball-ausflug\app.py:94]
2025-05-02 19:14:29,055 INFO: Stats: {'total_registrations': 2, 'confirmed_registrations': 0, 'total_persons': 6, 'adult_count': 3, 'child_count': 3, 'total_seats': 5} [in C:\Users\pwwpp\Websites\anmeldung-jugendfussball-ausflug\app.py:576]
2025-05-02 19:14:38,661 INFO: Excel export generated successfully [in C:\Users\pwwpp\Websites\anmeldung-jugendfussball-ausflug\app.py:811]
2025-05-02 19:17:49,869 INFO: Application startup [in C:\Users\pwwpp\Websites\anmeldung-jugendfussball-ausflug\app.py:94]
2025-05-02 19:17:56,050 INFO: Stats: {'total_registrations': 2, 'confirmed_registrations': 0, 'total_persons': 6, 'adult_count': 3, 'child_count': 3, 'total_seats': 5} [in C:\Users\pwwpp\Websites\anmeldung-jugendfussball-ausflug\app.py:576]
2025-05-02 19:18:02,273 INFO: Excel export generated successfully [in C:\Users\pwwpp\Websites\anmeldung-jugendfussball-ausflug\app.py:809]
2025-05-02 19:18:22,811 INFO: Deleted registration entry 2 [in C:\Users\pwwpp\Websites\anmeldung-jugendfussball-ausflug\app.py:640]
2025-05-02 19:18:22,819 INFO: Stats: {'total_registrations': 1, 'confirmed_registrations': 0, 'total_persons': 3, 'adult_count': 1, 'child_count': 2, 'total_seats': 0} [in C:\Users\pwwpp\Websites\anmeldung-jugendfussball-ausflug\app.py:576]
2025-05-02 19:18:25,837 INFO: Deleted registration entry 1 [in C:\Users\pwwpp\Websites\anmeldung-jugendfussball-ausflug\app.py:640]
2025-05-02 19:18:25,845 INFO: Stats: {'total_registrations': 0, 'confirmed_registrations': 0, 'total_persons': 0, 'adult_count': 0, 'child_count': 0, 'total_seats': 0} [in C:\Users\pwwpp\Websites\anmeldung-jugendfussball-ausflug\app.py:576]
2025-05-02 19:35:56,408 INFO: Application startup [in C:\Users\pwwpp\Websites\anmeldung-jugendfussball-ausflug\app.py:94]
2025-05-02 19:36:02,815 INFO: Stats: {'total_registrations': 0, 'confirmed_registrations': 0, 'total_persons': 0, 'adult_count': 0, 'child_count': 0, 'total_seats': 0} [in C:\Users\pwwpp\Websites\anmeldung-jugendfussball-ausflug\app.py:584]
2025-05-02 19:37:01,742 INFO: Received registration data [in C:\Users\pwwpp\Websites\anmeldung-jugendfussball-ausflug\app.py:379]
2025-05-02 19:37:01,792 INFO: Registration data stored in session for pwwppw78@gmail.com [in C:\Users\pwwpp\Websites\anmeldung-jugendfussball-ausflug\app.py:403]
2025-05-02 19:37:26,981 INFO: Stats: {'total_registrations': 1, 'confirmed_registrations': 0, 'total_persons': 2, 'adult_count': 2, 'child_count': 0, 'total_seats': 4} [in C:\Users\pwwpp\Websites\anmeldung-jugendfussball-ausflug\app.py:584]
2025-05-02 19:37:44,806 INFO: Stats: {'total_registrations': 1, 'confirmed_registrations': 1, 'total_persons': 2, 'adult_count': 2, 'child_count': 0, 'total_seats': 4} [in C:\Users\pwwpp\Websites\anmeldung-jugendfussball-ausflug\app.py:584]
2025-05-02 19:37:47,190 INFO: Confirmation email sent to pwwppw78@gmail.com [in C:\Users\pwwpp\Websites\anmeldung-jugendfussball-ausflug\app.py:326]
2025-05-02 19:42:58,851 INFO: Stats: {'total_registrations': 1, 'confirmed_registrations': 1, 'total_persons': 2, 'adult_count': 2, 'child_count': 0, 'total_seats': 4} [in C:\Users\pwwpp\Websites\anmeldung-jugendfussball-ausflug\app.py:584]
2025-05-02 19:43:01,453 INFO: Deleted registration entry 1 [in C:\Users\pwwpp\Websites\anmeldung-jugendfussball-ausflug\app.py:648]
2025-05-02 19:43:01,466 INFO: Stats: {'total_registrations': 0, 'confirmed_registrations': 0, 'total_persons': 0, 'adult_count': 0, 'child_count': 0, 'total_seats': 0} [in C:\Users\pwwpp\Websites\anmeldung-jugendfussball-ausflug\app.py:584]
2025-05-03 09:09:56,081 INFO: Application startup [in C:\Users\pwwpp\Websites\anmeldung-jugendfussball-ausflug\app.py:94]
2025-05-03 09:10:25,646 INFO: Application startup [in C:\Users\pwwpp\Websites\anmeldung-jugendfussball-ausflug\app.py:94]
2025-05-03 09:11:18,513 INFO: Application startup [in C:\Users\pwwpp\Websites\anmeldung-jugendfussball-ausflug\app.py:94]
2025-05-03 09:11:48,333 INFO: Admin login successful [in C:\Users\pwwpp\Websites\anmeldung-jugendfussball-ausflug\app.py:487]
2025-05-03 09:11:48,470 INFO: Stats: {'total_registrations': 0, 'confirmed_registrations': 0, 'total_persons': 0, 'adult_count': 0, 'child_count': 0, 'total_seats': 0} [in C:\Users\pwwpp\Websites\anmeldung-jugendfussball-ausflug\app.py:584]
2025-05-03 09:23:37,262 INFO: Application startup [in C:\Users\pwwpp\Websites\anmeldung-jugendfussball-ausflug\app.py:94]
2025-05-03 09:33:58,763 INFO: Application startup [in C:\Users\pwwpp\Websites\anmeldung-jugendfussball-ausflug\app.py:94]
2025-05-03 17:15:15,822 INFO: Application startup [in C:\Users\pwwpp\Websites\anmeldung-jugendfussball-ausflug\app.py:94]
